[19-Mar-2026 15:41:11 UTC] GetNet Products Array: [{"product_type":"physical_product","title":"Parlante bluetooth mini","description":"Parlante bluetooth mini, dimensiones peque\u00f1as, 5w de potencia. Colores a definir, autonomia maxima 2 horas,aproximadamente.","value":1843650,"quantity":1}]
[19-Mar-2026 15:41:11 UTC] GetNet Total Amount (cents): 1843650
[19-Mar-2026 15:41:11 UTC] GetNet Payment Response: <HTML><HEAD>
<TITLE>Access Denied</TITLE>
</HEAD><BODY>
<H1>Access Denied</H1>
 
You don't have permission to access "http&#58;&#47;&#47;api&#46;pre&#46;globalgetnet&#46;com&#47;dpy&#47;digital&#45;checkout&#47;v1&#47;payment&#45;intent" on this server.<P>
Reference&#32;&#35;18&#46;531d417&#46;1773934871&#46;f9c8db5
<P>https&#58;&#47;&#47;errors&#46;edgesuite&#46;net&#47;18&#46;531d417&#46;1773934871&#46;f9c8db5</P>
</BODY>
</HTML>

[19-Mar-2026 15:41:11 UTC] GetNet HTTP Code: 403
[19-Mar-2026 15:41:11 UTC] GetNet Payment Error: <HTML><HEAD>
<TITLE>Access Denied</TITLE>
</HEAD><BODY>
<H1>Access Denied</H1>
 
You don't have permission to access "http&#58;&#47;&#47;api&#46;pre&#46;globalgetnet&#46;com&#47;dpy&#47;digital&#45;checkout&#47;v1&#47;payment&#45;intent" on this server.<P>
Reference&#32;&#35;18&#46;531d417&#46;1773934871&#46;f9c8db5
<P>https&#58;&#47;&#47;errors&#46;edgesuite&#46;net&#47;18&#46;531d417&#46;1773934871&#46;f9c8db5</P>
</BODY>
</HTML>

[19-Mar-2026 15:42:27 UTC] GetNet Products Array: [{"product_type":"physical_product","title":"Parlante bluetooth mini","description":"Parlante bluetooth mini, dimensiones peque\u00f1as, 5w de potencia. Colores a definir, autonomia maxima 2 horas,aproximadamente.","value":1843650,"quantity":1}]
[19-Mar-2026 15:42:27 UTC] GetNet Total Amount (cents): 1843650
[19-Mar-2026 15:42:27 UTC] GetNet Payment Response: <HTML><HEAD>
<TITLE>Access Denied</TITLE>
</HEAD><BODY>
<H1>Access Denied</H1>
 
You don't have permission to access "http&#58;&#47;&#47;api&#46;pre&#46;globalgetnet&#46;com&#47;dpy&#47;digital&#45;checkout&#47;v1&#47;payment&#45;intent" on this server.<P>
Reference&#32;&#35;18&#46;15bc2817&#46;1773934947&#46;869b31f
<P>https&#58;&#47;&#47;errors&#46;edgesuite&#46;net&#47;18&#46;15bc2817&#46;1773934947&#46;869b31f</P>
</BODY>
</HTML>

[19-Mar-2026 15:42:27 UTC] GetNet HTTP Code: 403
[19-Mar-2026 15:42:27 UTC] GetNet Payment Error: <HTML><HEAD>
<TITLE>Access Denied</TITLE>
</HEAD><BODY>
<H1>Access Denied</H1>
 
You don't have permission to access "http&#58;&#47;&#47;api&#46;pre&#46;globalgetnet&#46;com&#47;dpy&#47;digital&#45;checkout&#47;v1&#47;payment&#45;intent" on this server.<P>
Reference&#32;&#35;18&#46;15bc2817&#46;1773934947&#46;869b31f
<P>https&#58;&#47;&#47;errors&#46;edgesuite&#46;net&#47;18&#46;15bc2817&#46;1773934947&#46;869b31f</P>
</BODY>
</HTML>

