[07-Apr-2026 15:11:38 UTC] === INICIANDO SESSION['pronto']['cart'] ===
[07-Apr-2026 15:11:38 UTC] === AGREGANDO REVELADO AL CARRITO ===
[07-Apr-2026 15:11:38 UTC] ID Producto: 49
[07-Apr-2026 15:11:38 UTC] Total fotos: 4
[07-Apr-2026 15:11:38 UTC] Precio total: 40000
[07-Apr-2026 15:11:38 UTC] Imágenes: 4
[07-Apr-2026 15:11:38 UTC] === REVELADO AGREGADO EXITOSAMENTE ===
[07-Apr-2026 16:02:00 UTC] === INICIANDO SESSION['pronto']['cart'] ===
[07-Apr-2026 16:02:00 UTC] === AGREGANDO REVELADO AL CARRITO ===
[07-Apr-2026 16:02:00 UTC] ID Producto: 49
[07-Apr-2026 16:02:00 UTC] Total fotos: 4
[07-Apr-2026 16:02:00 UTC] Precio total: 40000
[07-Apr-2026 16:02:00 UTC] Imágenes: 4
[07-Apr-2026 16:02:00 UTC] === REVELADO AGREGADO EXITOSAMENTE ===
[07-Apr-2026 16:03:18 UTC] === AGREGANDO REVELADO AL CARRITO ===
[07-Apr-2026 16:03:18 UTC] ID Producto: 49
[07-Apr-2026 16:03:18 UTC] Total fotos: 400
[07-Apr-2026 16:03:18 UTC] Precio total: 822000
[07-Apr-2026 16:03:18 UTC] Imágenes: 4
[07-Apr-2026 16:03:18 UTC] === REVELADO AGREGADO EXITOSAMENTE ===
[07-Apr-2026 16:24:54 UTC] === AGREGANDO REVELADO AL CARRITO ===
[07-Apr-2026 16:24:54 UTC] ID Producto: 49
[07-Apr-2026 16:24:54 UTC] Total fotos: 4
[07-Apr-2026 16:24:54 UTC] Precio total: 40000
[07-Apr-2026 16:24:54 UTC] Imágenes: 4
[07-Apr-2026 16:24:54 UTC] === REVELADO AGREGADO EXITOSAMENTE ===
